PIN:MEMLATENCIES 1.0. 0x0
#
# IRW stats
#
Total Instruction:	11663
Total Reads:	3209
Total Writes:	1878
Total fast-clock:	20506
Total footprint in Byte:	3504
